Affleck        Ahlborn        Ampel          Astr310        Barth          
Behr           Berciu         Bergman        Boley          Bonn           
Brewer         Bryman         Buchmann       Burke          Celler         
Cgay           Choptuik       Clab           Co-op          DJJones        
Damascelli     Dept           Dilling        Dong           Dunlop         
Duzenli        ENPH           ENPH-Project   Elab           Eldridge       
EngPhys        Evans          Folk           Ford           Franz          
GRAD           Gay            Gete           Gladman        Grant          
Gregory        Halpern        Hansen         Hardy          Hasinoff       
Hearty         Hebb100        Hebb200        Hebb300        Hebb352        
Hebb409        HebbOpt        Hepburn        Heyl           Hickson        
Hinshaw        Hsieh          Ingrid         Jones          Karczmarek     
Kiefl          Kotlicki       Kozlowski      Kruecken       Lam            
Laule          Lee            Lister         MacAulay       MacFarlane     
MacKay         Mach           Madden         Madison        Marziali       
Matthews       Mattison       McKenna        McKeown        Merminga       
Michal         Milner         Moiseenko      Momose         Morrissey      
Ng             NgA            Oser           Otto           Outreach       
Ozier          PITP           Parsons        Phys120        Plotkin        
Popescu        Ramaseshan     Rauscher       Raussendorf    Reinsberg      
Richer         Roll           Rottler        Rozali         STS            
SarahB         Sawatzky       Schleich       Scott          Semenoff       
Shapiro        Sigurdson      Sossi          Spadinger      Stairs         
Stamp          Stelzer-ChiltonStudMach       Tanaka         Thomas         
Tiedje         Turrell        UGRAD          Unruh          VanRaamsdonk   
VanWaerbeke    Walker         Wall           Waltham        Whitehead      
Wieman         Witt           Wu             Xiang          Yen            
Young          Zagoskin       Zeng           Zhitnitsky     Zhou           
boley          brewer         cash           grant          mattison       
waltham        
